// Jest Snapshot v1, https://goo.gl/fbAQLP

exports[`Search Component Tests Search component snapshot 1`] = `
<DocumentFragment>
  <div
    class="search-container"
  >
    <div>
      <input
        placeholder="Enter first medication"
        type="text"
        value=""
      />
      <button>
        Search
      </button>
    </div>
  </div>
</DocumentFragment>
`;
